#! /usr/bin/vvp
:ivl_version "13.0 (stable)" "(v13_0-dirty)";
:ivl_delay_selection "TYPICAL";
:vpi_time_precision - 12;
:vpi_module "/usr/lib/ivl/system.vpi";
:vpi_module "/usr/lib/ivl/vhdl_sys.vpi";
:vpi_module "/usr/lib/ivl/vhdl_textio.vpi";
:vpi_module "/usr/lib/ivl/v2005_math.vpi";
:vpi_module "/usr/lib/ivl/va_math.vpi";
S_0x55bd6b814660 .scope module, "cpu_tb" "cpu_tb" 2 3;
 .timescale -9 -12;
v0x55bd6b87ecb0_0 .net "ALUSrc", 1 0, v0x55bd6b857740_0;  1 drivers
v0x55bd6b87ed90_0 .net "ALUop", 3 0, v0x55bd6b859840_0;  1 drivers
v0x55bd6b87eea0_0 .net "Branch", 0 0, v0x55bd6b85b570_0;  1 drivers
v0x55bd6b87ef90_0 .net "Exception", 0 0, v0x55bd6b854430_0;  1 drivers
v0x55bd6b87f080_0 .net "Jump", 0 0, v0x55bd6b812040_0;  1 drivers
v0x55bd6b87f1c0_0 .net "MemRead", 0 0, v0x55bd6b879be0_0;  1 drivers
v0x55bd6b87f2b0_0 .net "MemWrite", 0 0, v0x55bd6b879ca0_0;  1 drivers
v0x55bd6b87f3a0_0 .net "RegWrite", 0 0, v0x55bd6b879d60_0;  1 drivers
v0x55bd6b87f490_0 .net "ResultSrc", 1 0, v0x55bd6b879e20_0;  1 drivers
v0x55bd6b87f530_0 .var "clk", 0 0;
v0x55bd6b87f660_0 .net "immediate", 31 0, v0x55bd6b87bc00_0;  1 drivers
v0x55bd6b87f720_0 .net "instruction_out", 31 0, L_0x55bd6b80f310;  1 drivers
v0x55bd6b87f7e0_0 .net "pc", 31 0, v0x55bd6b87afb0_0;  1 drivers
v0x55bd6b87f910_0 .net "reg1_data", 31 0, L_0x55bd6b85b460;  1 drivers
v0x55bd6b87f9d0_0 .net "reg2_data", 31 0, L_0x55bd6b853730;  1 drivers
v0x55bd6b87fa70_0 .var "reset", 0 0;
S_0x55bd6b8147f0 .scope module, "dut" "cpu" 2 22, 3 1 0, S_0x55bd6b814660;
 .timescale 0 0;
    .port_info 0 /INPUT 1 "clk";
    .port_info 1 /INPUT 1 "reset";
    .port_info 2 /OUTPUT 32 "pc";
    .port_info 3 /OUTPUT 32 "reg1_data";
    .port_info 4 /OUTPUT 32 "reg2_data";
    .port_info 5 /OUTPUT 32 "instruction_out";
    .port_info 6 /OUTPUT 32 "immediate";
    .port_info 7 /OUTPUT 1 "RegWrite";
    .port_info 8 /OUTPUT 1 "MemRead";
    .port_info 9 /OUTPUT 1 "MemWrite";
    .port_info 10 /OUTPUT 1 "Branch";
    .port_info 11 /OUTPUT 1 "Jump";
    .port_info 12 /OUTPUT 1 "Exception";
    .port_info 13 /OUTPUT 2 "ResultSrc";
    .port_info 14 /OUTPUT 2 "ALUSrc";
    .port_info 15 /OUTPUT 4 "ALUop";
L_0x55bd6b85b460 .functor BUFZ 32, L_0x55bd6b890590, C4<00000000000000000000000000000000>, C4<00000000000000000000000000000000>, C4<00000000000000000000000000000000>;
L_0x55bd6b853730 .functor BUFZ 32, L_0x55bd6b890df0, C4<00000000000000000000000000000000>, C4<00000000000000000000000000000000>, C4<00000000000000000000000000000000>;
L_0x55bd6b80f310 .functor BUFZ 32, L_0x55bd6b859730, C4<00000000000000000000000000000000>, C4<00000000000000000000000000000000>, C4<00000000000000000000000000000000>;
v0x55bd6b87dc30_0 .net "ALUSrc", 1 0, v0x55bd6b857740_0;  alias, 1 drivers
v0x55bd6b87dd10_0 .net "ALUop", 3 0, v0x55bd6b859840_0;  alias, 1 drivers
v0x55bd6b87ddb0_0 .net "Branch", 0 0, v0x55bd6b85b570_0;  alias, 1 drivers
v0x55bd6b87de50_0 .net "Exception", 0 0, v0x55bd6b854430_0;  alias, 1 drivers
v0x55bd6b87def0_0 .net "Jump", 0 0, v0x55bd6b812040_0;  alias, 1 drivers
v0x55bd6b87df90_0 .net "MemRead", 0 0, v0x55bd6b879be0_0;  alias, 1 drivers
v0x55bd6b87e030_0 .net "MemWrite", 0 0, v0x55bd6b879ca0_0;  alias, 1 drivers
v0x55bd6b87e0d0_0 .net "RegWrite", 0 0, v0x55bd6b879d60_0;  alias, 1 drivers
v0x55bd6b87e170_0 .net "ResultSrc", 1 0, v0x55bd6b879e20_0;  alias, 1 drivers
v0x55bd6b87e240_0 .net "clk", 0 0, v0x55bd6b87f530_0;  1 drivers
v0x55bd6b87e2e0_0 .net "fetched_instruction", 31 0, L_0x55bd6b859730;  1 drivers
v0x55bd6b87e410_0 .net "immediate", 31 0, v0x55bd6b87bc00_0;  alias, 1 drivers
v0x55bd6b87e4e0_0 .net "instruction_out", 31 0, L_0x55bd6b80f310;  alias, 1 drivers
v0x55bd6b87e580_0 .net "pc", 31 0, v0x55bd6b87afb0_0;  alias, 1 drivers
v0x55bd6b87e620_0 .net "reg1_data", 31 0, L_0x55bd6b85b460;  alias, 1 drivers
v0x55bd6b87e6c0_0 .net "reg1_data_wire", 31 0, L_0x55bd6b890590;  1 drivers
v0x55bd6b87e790_0 .net "reg2_data", 31 0, L_0x55bd6b853730;  alias, 1 drivers
v0x55bd6b87e940_0 .net "reg2_data_wire", 31 0, L_0x55bd6b890df0;  1 drivers
v0x55bd6b87ea30_0 .net "reset", 0 0, v0x55bd6b87fa70_0;  1 drivers
L_0x55bd6b890ff0 .part L_0x55bd6b859730, 15, 5;
L_0x55bd6b891090 .part L_0x55bd6b859730, 20, 5;
L_0x55bd6b891130 .part L_0x55bd6b859730, 7, 5;
S_0x55bd6b838b10 .scope module, "cu" "control_unit" 3 30, 4 1 0, S_0x55bd6b8147f0;
 .timescale 0 0;
    .port_info 0 /INPUT 32 "instruction";
    .port_info 1 /OUTPUT 1 "RegWrite";
    .port_info 2 /OUTPUT 1 "MemRead";
    .port_info 3 /OUTPUT 1 "MemWrite";
    .port_info 4 /OUTPUT 1 "Branch";
    .port_info 5 /OUTPUT 1 "Jump";
    .port_info 6 /OUTPUT 1 "Exception";
    .port_info 7 /OUTPUT 2 "ResultSrc";
    .port_info 8 /OUTPUT 2 "ALUSrc";
    .port_info 9 /OUTPUT 4 "ALUop";
v0x55bd6b857740_0 .var "ALUSrc", 1 0;
v0x55bd6b859840_0 .var "ALUop", 3 0;
v0x55bd6b85b570_0 .var "Branch", 0 0;
v0x55bd6b854430_0 .var "Exception", 0 0;
v0x55bd6b812040_0 .var "Jump", 0 0;
v0x55bd6b879be0_0 .var "MemRead", 0 0;
v0x55bd6b879ca0_0 .var "MemWrite", 0 0;
v0x55bd6b879d60_0 .var "RegWrite", 0 0;
v0x55bd6b879e20_0 .var "ResultSrc", 1 0;
v0x55bd6b879f00_0 .net "instruction", 31 0, L_0x55bd6b859730;  alias, 1 drivers
E_0x55bd6b8225e0 .event anyedge, v0x55bd6b879f00_0;
S_0x55bd6b87a180 .scope module, "if_module" "instruction_fetch" 3 20, 5 1 0, S_0x55bd6b8147f0;
 .timescale 0 0;
    .port_info 0 /INPUT 1 "clk";
    .port_info 1 /INPUT 1 "reset";
    .port_info 2 /OUTPUT 32 "instruction_out";
    .port_info 3 /OUTPUT 32 "pc_out";
L_0x7f3b007b7060 .functor BUFT 1, C4<00000000000000000000000000000100>, C4<0>, C4<0>, C4<0>;
v0x55bd6b87b460_0 .net/2u *"_ivl_0", 31 0, L_0x7f3b007b7060;  1 drivers
v0x55bd6b87b560_0 .net "clk", 0 0, v0x55bd6b87f530_0;  alias, 1 drivers
v0x55bd6b87b620_0 .net "instruction_out", 31 0, L_0x55bd6b859730;  alias, 1 drivers
v0x55bd6b87b710_0 .net "next_pc", 31 0, L_0x55bd6b88fe10;  1 drivers
v0x55bd6b87b7b0_0 .net "pc_out", 31 0, v0x55bd6b87afb0_0;  alias, 1 drivers
v0x55bd6b87b8f0_0 .net "reset", 0 0, v0x55bd6b87fa70_0;  alias, 1 drivers
L_0x55bd6b88fe10 .arith/sum 32, v0x55bd6b87afb0_0, L_0x7f3b007b7060;
S_0x55bd6b87a3c0 .scope module, "imem" "instruction_memory" 5 15, 6 1 0, S_0x55bd6b87a180;
 .timescale 0 0;
    .port_info 0 /INPUT 32 "address";
    .port_info 1 /OUTPUT 32 "instruction_out";
P_0x55bd6b87a5a0 .param/l "ADDRESS_WIDTH" 0 6 2, +C4<00000000000000000000000000001000>;
L_0x55bd6b859730 .functor BUFZ 32, L_0x55bd6b87fb10, C4<00000000000000000000000000000000>, C4<00000000000000000000000000000000>, C4<00000000000000000000000000000000>;
v0x55bd6b87a740_0 .net *"_ivl_0", 31 0, L_0x55bd6b87fb10;  1 drivers
v0x55bd6b87a840_0 .net *"_ivl_3", 7 0, L_0x55bd6b87fbd0;  1 drivers
v0x55bd6b87a920_0 .net *"_ivl_4", 9 0, L_0x55bd6b87fc70;  1 drivers
L_0x7f3b007b7018 .functor BUFT 1, C4<00>, C4<0>, C4<0>, C4<0>;
v0x55bd6b87a9e0_0 .net *"_ivl_7", 1 0, L_0x7f3b007b7018;  1 drivers
v0x55bd6b87aac0_0 .net "address", 31 0, v0x55bd6b87afb0_0;  alias, 1 drivers
v0x55bd6b87abf0_0 .net "instruction_out", 31 0, L_0x55bd6b859730;  alias, 1 drivers
v0x55bd6b87acb0 .array "mem", 255 0, 31 0;
L_0x55bd6b87fb10 .array/port v0x55bd6b87acb0, L_0x55bd6b87fc70;
L_0x55bd6b87fbd0 .part v0x55bd6b87afb0_0, 2, 8;
L_0x55bd6b87fc70 .concat [ 8 2 0 0], L_0x55bd6b87fbd0, L_0x7f3b007b7018;
S_0x55bd6b87adb0 .scope module, "p_counter" "pc" 5 9, 7 1 0, S_0x55bd6b87a180;
 .timescale 0 0;
    .port_info 0 /INPUT 1 "clk";
    .port_info 1 /INPUT 1 "reset";
    .port_info 2 /INPUT 32 "pc_in";
    .port_info 3 /OUTPUT 32 "pc_out";
v0x55bd6b87afb0_0 .var "PC", 31 0;
v0x55bd6b87b0b0_0 .net "clk", 0 0, v0x55bd6b87f530_0;  alias, 1 drivers
v0x55bd6b87b170_0 .net "pc_in", 31 0, L_0x55bd6b88fe10;  alias, 1 drivers
v0x55bd6b87b230_0 .net "pc_out", 31 0, v0x55bd6b87afb0_0;  alias, 1 drivers
v0x55bd6b87b2f0_0 .net "reset", 0 0, v0x55bd6b87fa70_0;  alias, 1 drivers
E_0x55bd6b8212b0 .event posedge, v0x55bd6b87b0b0_0;
S_0x55bd6b87b9d0 .scope module, "imm_module" "immediate_generator" 3 26, 8 1 0, S_0x55bd6b8147f0;
 .timescale 0 0;
    .port_info 0 /INPUT 32 "instruction";
    .port_info 1 /OUTPUT 32 "immediate";
v0x55bd6b87bc00_0 .var "immediate", 31 0;
v0x55bd6b87bd00_0 .net "instruction", 31 0, L_0x55bd6b859730;  alias, 1 drivers
S_0x55bd6b87be20 .scope module, "register_file" "reg_file" 3 43, 9 1 0, S_0x55bd6b8147f0;
 .timescale -9 -12;
    .port_info 0 /INPUT 1 "clk";
    .port_info 1 /INPUT 32 "wb_data";
    .port_info 2 /INPUT 1 "wb_enable";
    .port_info 3 /INPUT 5 "reg1_sel";
    .port_info 4 /INPUT 5 "reg2_sel";
    .port_info 5 /INPUT 5 "reg3_sel";
    .port_info 6 /OUTPUT 32 "reg1_data";
    .port_info 7 /OUTPUT 32 "reg2_data";
P_0x55bd6b87c000 .param/l "BIT_LENGTH" 0 9 2, +C4<00000000000000000000000000100000>;
P_0x55bd6b87c040 .param/l "REG_NUMBER" 0 9 3, +C4<00000000000000000000000000100000>;
v0x55bd6b87c210_0 .net *"_ivl_0", 31 0, L_0x55bd6b88ff50;  1 drivers
v0x55bd6b87c2f0_0 .net *"_ivl_10", 31 0, L_0x55bd6b8901f0;  1 drivers
v0x55bd6b87c3d0_0 .net *"_ivl_12", 6 0, L_0x55bd6b890290;  1 drivers
L_0x7f3b007b7180 .functor BUFT 1, C4<00>, C4<0>, C4<0>, C4<0>;
v0x55bd6b87c490_0 .net *"_ivl_15", 1 0, L_0x7f3b007b7180;  1 drivers
L_0x7f3b007b71c8 .functor BUFT 1, C4<0000001>, C4<0>, C4<0>, C4<0>;
v0x55bd6b87c570_0 .net/2u *"_ivl_16", 6 0, L_0x7f3b007b71c8;  1 drivers
v0x55bd6b87c6a0_0 .net *"_ivl_18", 6 0, L_0x55bd6b890400;  1 drivers
v0x55bd6b87c780_0 .net *"_ivl_22", 31 0, L_0x55bd6b8907b0;  1 drivers
L_0x7f3b007b7210 .functor BUFT 1, C4<000000000000000000000000000>, C4<0>, C4<0>, C4<0>;
v0x55bd6b87c860_0 .net *"_ivl_25", 26 0, L_0x7f3b007b7210;  1 drivers
L_0x7f3b007b7258 .functor BUFT 1, C4<00000000000000000000000000000000>, C4<0>, C4<0>, C4<0>;
v0x55bd6b87c940_0 .net/2u *"_ivl_26", 31 0, L_0x7f3b007b7258;  1 drivers
v0x55bd6b87ca20_0 .net *"_ivl_28", 0 0, L_0x55bd6b890930;  1 drivers
L_0x7f3b007b70a8 .functor BUFT 1, C4<000000000000000000000000000>, C4<0>, C4<0>, C4<0>;
v0x55bd6b87cae0_0 .net *"_ivl_3", 26 0, L_0x7f3b007b70a8;  1 drivers
L_0x7f3b007b72a0 .functor BUFT 1, C4<00000000000000000000000000000000>, C4<0>, C4<0>, C4<0>;
v0x55bd6b87cbc0_0 .net/2u *"_ivl_30", 31 0, L_0x7f3b007b72a0;  1 drivers
v0x55bd6b87cca0_0 .net *"_ivl_32", 31 0, L_0x55bd6b890a70;  1 drivers
v0x55bd6b87cd80_0 .net *"_ivl_34", 6 0, L_0x55bd6b890b10;  1 drivers
L_0x7f3b007b72e8 .functor BUFT 1, C4<00>, C4<0>, C4<0>, C4<0>;
v0x55bd6b87ce60_0 .net *"_ivl_37", 1 0, L_0x7f3b007b72e8;  1 drivers
L_0x7f3b007b7330 .functor BUFT 1, C4<0000001>, C4<0>, C4<0>, C4<0>;
v0x55bd6b87cf40_0 .net/2u *"_ivl_38", 6 0, L_0x7f3b007b7330;  1 drivers
L_0x7f3b007b70f0 .functor BUFT 1, C4<00000000000000000000000000000000>, C4<0>, C4<0>, C4<0>;
v0x55bd6b87d020_0 .net/2u *"_ivl_4", 31 0, L_0x7f3b007b70f0;  1 drivers
v0x55bd6b87d100_0 .net *"_ivl_40", 6 0, L_0x55bd6b890c60;  1 drivers
v0x55bd6b87d1e0_0 .net *"_ivl_6", 0 0, L_0x55bd6b890060;  1 drivers
L_0x7f3b007b7138 .functor BUFT 1, C4<00000000000000000000000000000000>, C4<0>, C4<0>, C4<0>;
v0x55bd6b87d2a0_0 .net/2u *"_ivl_8", 31 0, L_0x7f3b007b7138;  1 drivers
v0x55bd6b87d380_0 .net "clk", 0 0, v0x55bd6b87f530_0;  alias, 1 drivers
v0x55bd6b87d420_0 .net "reg1_data", 31 0, L_0x55bd6b890590;  alias, 1 drivers
v0x55bd6b87d500_0 .net "reg1_sel", 4 0, L_0x55bd6b890ff0;  1 drivers
v0x55bd6b87d5e0_0 .net "reg2_data", 31 0, L_0x55bd6b890df0;  alias, 1 drivers
v0x55bd6b87d6c0_0 .net "reg2_sel", 4 0, L_0x55bd6b891090;  1 drivers
v0x55bd6b87d7a0_0 .net "reg3_sel", 4 0, L_0x55bd6b891130;  1 drivers
v0x55bd6b87d880 .array "regfile", 31 1, 31 0;
L_0x7f3b007b7378 .functor BUFT 1, C4<00000000000000000000000000000000>, C4<0>, C4<0>, C4<0>;
v0x55bd6b87d940_0 .net "wb_data", 31 0, L_0x7f3b007b7378;  1 drivers
L_0x7f3b007b73c0 .functor BUFT 1, C4<0>, C4<0>, C4<0>, C4<0>;
v0x55bd6b87da20_0 .net "wb_enable", 0 0, L_0x7f3b007b73c0;  1 drivers
L_0x55bd6b88ff50 .concat [ 5 27 0 0], L_0x55bd6b890ff0, L_0x7f3b007b70a8;
L_0x55bd6b890060 .cmp/eq 32, L_0x55bd6b88ff50, L_0x7f3b007b70f0;
L_0x55bd6b8901f0 .array/port v0x55bd6b87d880, L_0x55bd6b890400;
L_0x55bd6b890290 .concat [ 5 2 0 0], L_0x55bd6b890ff0, L_0x7f3b007b7180;
L_0x55bd6b890400 .arith/sub 7, L_0x55bd6b890290, L_0x7f3b007b71c8;
L_0x55bd6b890590 .functor MUXZ 32, L_0x55bd6b8901f0, L_0x7f3b007b7138, L_0x55bd6b890060, C4<>;
L_0x55bd6b8907b0 .concat [ 5 27 0 0], L_0x55bd6b891090, L_0x7f3b007b7210;
L_0x55bd6b890930 .cmp/eq 32, L_0x55bd6b8907b0, L_0x7f3b007b7258;
L_0x55bd6b890a70 .array/port v0x55bd6b87d880, L_0x55bd6b890c60;
L_0x55bd6b890b10 .concat [ 5 2 0 0], L_0x55bd6b891090, L_0x7f3b007b72e8;
L_0x55bd6b890c60 .arith/sub 7, L_0x55bd6b890b10, L_0x7f3b007b7330;
L_0x55bd6b890df0 .functor MUXZ 32, L_0x55bd6b890a70, L_0x7f3b007b72a0, L_0x55bd6b890930, C4<>;
    .scope S_0x55bd6b87adb0;
T_0 ;
    %wait E_0x55bd6b8212b0;
    %load/vec4 v0x55bd6b87b2f0_0;
    %pad/u 32;
    %cmpi/e 0, 0, 32;
    %jmp/0xz  T_0.0, 4;
    %load/vec4 v0x55bd6b87b170_0;
    %assign/vec4 v0x55bd6b87afb0_0, 0;
    %jmp T_0.1;
T_0.0 ;
    %pushi/vec4 0, 0, 32;
    %assign/vec4 v0x55bd6b87afb0_0, 0;
T_0.1 ;
    %jmp T_0;
    .thread T_0;
    .scope S_0x55bd6b87b9d0;
T_1 ;
    %wait E_0x55bd6b8225e0;
    %load/vec4 v0x55bd6b87bd00_0;
    %parti/s 7, 0, 2;
    %dup/vec4;
    %pushi/vec4 19, 0, 7;
    %cmp/u;
    %jmp/1 T_1.0, 6;
    %dup/vec4;
    %pushi/vec4 3, 0, 7;
    %cmp/u;
    %jmp/1 T_1.1, 6;
    %dup/vec4;
    %pushi/vec4 35, 0, 7;
    %cmp/u;
    %jmp/1 T_1.2, 6;
    %dup/vec4;
    %pushi/vec4 99, 0, 7;
    %cmp/u;
    %jmp/1 T_1.3, 6;
    %dup/vec4;
    %pushi/vec4 111, 0, 7;
    %cmp/u;
    %jmp/1 T_1.4, 6;
    %dup/vec4;
    %pushi/vec4 55, 0, 7;
    %cmp/u;
    %jmp/1 T_1.5, 6;
    %dup/vec4;
    %pushi/vec4 23, 0, 7;
    %cmp/u;
    %jmp/1 T_1.6, 6;
    %pushi/vec4 0, 0, 32;
    %store/vec4 v0x55bd6b87bc00_0, 0, 32;
    %jmp T_1.8;
T_1.0 ;
    %load/vec4 v0x55bd6b87bd00_0;
    %parti/s 1, 31, 6;
    %replicate 20;
    %load/vec4 v0x55bd6b87bd00_0;
    %parti/s 12, 20, 6;
    %concat/vec4; draw_concat_vec4
    %store/vec4 v0x55bd6b87bc00_0, 0, 32;
    %jmp T_1.8;
T_1.1 ;
    %load/vec4 v0x55bd6b87bd00_0;
    %parti/s 1, 31, 6;
    %replicate 20;
    %load/vec4 v0x55bd6b87bd00_0;
    %parti/s 12, 20, 6;
    %concat/vec4; draw_concat_vec4
    %store/vec4 v0x55bd6b87bc00_0, 0, 32;
    %jmp T_1.8;
T_1.2 ;
    %load/vec4 v0x55bd6b87bd00_0;
    %parti/s 1, 31, 6;
    %replicate 20;
    %load/vec4 v0x55bd6b87bd00_0;
    %parti/s 7, 25, 6;
    %concat/vec4; draw_concat_vec4
    %load/vec4 v0x55bd6b87bd00_0;
    %parti/s 5, 7, 4;
    %concat/vec4; draw_concat_vec4
    %store/vec4 v0x55bd6b87bc00_0, 0, 32;
    %jmp T_1.8;
T_1.3 ;
    %load/vec4 v0x55bd6b87bd00_0;
    %parti/s 1, 31, 6;
    %replicate 19;
    %load/vec4 v0x55bd6b87bd00_0;
    %parti/s 1, 31, 6;
    %concat/vec4; draw_concat_vec4
    %load/vec4 v0x55bd6b87bd00_0;
    %parti/s 1, 7, 4;
    %concat/vec4; draw_concat_vec4
    %load/vec4 v0x55bd6b87bd00_0;
    %parti/s 6, 25, 6;
    %concat/vec4; draw_concat_vec4
    %load/vec4 v0x55bd6b87bd00_0;
    %parti/s 4, 8, 5;
    %concat/vec4; draw_concat_vec4
    %concati/vec4 0, 0, 1;
    %store/vec4 v0x55bd6b87bc00_0, 0, 32;
    %jmp T_1.8;
T_1.4 ;
    %load/vec4 v0x55bd6b87bd00_0;
    %parti/s 1, 31, 6;
    %replicate 11;
    %load/vec4 v0x55bd6b87bd00_0;
    %parti/s 1, 31, 6;
    %concat/vec4; draw_concat_vec4
    %load/vec4 v0x55bd6b87bd00_0;
    %parti/s 8, 12, 5;
    %concat/vec4; draw_concat_vec4
    %load/vec4 v0x55bd6b87bd00_0;
    %parti/s 1, 20, 6;
    %concat/vec4; draw_concat_vec4
    %load/vec4 v0x55bd6b87bd00_0;
    %parti/s 10, 21, 6;
    %concat/vec4; draw_concat_vec4
    %concati/vec4 0, 0, 1;
    %store/vec4 v0x55bd6b87bc00_0, 0, 32;
    %jmp T_1.8;
T_1.5 ;
    %load/vec4 v0x55bd6b87bd00_0;
    %parti/s 20, 12, 5;
    %concati/vec4 0, 0, 12;
    %store/vec4 v0x55bd6b87bc00_0, 0, 32;
    %jmp T_1.8;
T_1.6 ;
    %load/vec4 v0x55bd6b87bd00_0;
    %parti/s 20, 12, 5;
    %concati/vec4 0, 0, 12;
    %store/vec4 v0x55bd6b87bc00_0, 0, 32;
    %jmp T_1.8;
T_1.8 ;
    %pop/vec4 1;
    %jmp T_1;
    .thread T_1, $push;
    .scope S_0x55bd6b838b10;
T_2 ;
    %wait E_0x55bd6b8225e0;
    %load/vec4 v0x55bd6b879f00_0;
    %parti/s 7, 0, 2;
    %dup/vec4;
    %pushi/vec4 19, 0, 7;
    %cmp/u;
    %jmp/1 T_2.0, 6;
    %dup/vec4;
    %pushi/vec4 3, 0, 7;
    %cmp/u;
    %jmp/1 T_2.1, 6;
    %dup/vec4;
    %pushi/vec4 35, 0, 7;
    %cmp/u;
    %jmp/1 T_2.2, 6;
    %dup/vec4;
    %pushi/vec4 99, 0, 7;
    %cmp/u;
    %jmp/1 T_2.3, 6;
    %dup/vec4;
    %pushi/vec4 111, 0, 7;
    %cmp/u;
    %jmp/1 T_2.4, 6;
    %dup/vec4;
    %pushi/vec4 103, 0, 7;
    %cmp/u;
    %jmp/1 T_2.5, 6;
    %dup/vec4;
    %pushi/vec4 55, 0, 7;
    %cmp/u;
    %jmp/1 T_2.6, 6;
    %dup/vec4;
    %pushi/vec4 23, 0, 7;
    %cmp/u;
    %jmp/1 T_2.7, 6;
    %dup/vec4;
    %pushi/vec4 51, 0, 7;
    %cmp/u;
    %jmp/1 T_2.8, 6;
    %dup/vec4;
    %pushi/vec4 115, 0, 7;
    %cmp/u;
    %jmp/1 T_2.9, 6;
    %pushi/vec4 0, 0, 1;
    %store/vec4 v0x55bd6b879d60_0, 0, 1;
    %pushi/vec4 0, 0, 2;
    %store/vec4 v0x55bd6b857740_0, 0, 2;
    %pushi/vec4 0, 0, 1;
    %store/vec4 v0x55bd6b879be0_0, 0, 1;
    %pushi/vec4 0, 0, 1;
    %store/vec4 v0x55bd6b879ca0_0, 0, 1;
    %pushi/vec4 0, 0, 2;
    %store/vec4 v0x55bd6b879e20_0, 0, 2;
    %pushi/vec4 0, 0, 1;
    %store/vec4 v0x55bd6b85b570_0, 0, 1;
    %pushi/vec4 0, 0, 1;
    %store/vec4 v0x55bd6b812040_0, 0, 1;
    %pushi/vec4 0, 0, 1;
    %store/vec4 v0x55bd6b854430_0, 0, 1;
    %pushi/vec4 0, 0, 4;
    %store/vec4 v0x55bd6b859840_0, 0, 4;
    %jmp T_2.11;
T_2.0 ;
    %pushi/vec4 1, 0, 1;
    %store/vec4 v0x55bd6b879d60_0, 0, 1;
    %pushi/vec4 1, 0, 2;
    %store/vec4 v0x55bd6b857740_0, 0, 2;
    %pushi/vec4 0, 0, 1;
    %store/vec4 v0x55bd6b879be0_0, 0, 1;
    %pushi/vec4 0, 0, 1;
    %store/vec4 v0x55bd6b879ca0_0, 0, 1;
    %pushi/vec4 0, 0, 2;
    %store/vec4 v0x55bd6b879e20_0, 0, 2;
    %pushi/vec4 0, 0, 1;
    %store/vec4 v0x55bd6b85b570_0, 0, 1;
    %pushi/vec4 0, 0, 1;
    %store/vec4 v0x55bd6b812040_0, 0, 1;
    %pushi/vec4 0, 0, 1;
    %store/vec4 v0x55bd6b854430_0, 0, 1;
    %load/vec4 v0x55bd6b879f00_0;
    %parti/s 3, 12, 5;
    %dup/vec4;
    %pushi/vec4 0, 0, 3;
    %cmp/u;
    %jmp/1 T_2.12, 6;
    %dup/vec4;
    %pushi/vec4 4, 0, 3;
    %cmp/u;
    %jmp/1 T_2.13, 6;
    %dup/vec4;
    %pushi/vec4 6, 0, 3;
    %cmp/u;
    %jmp/1 T_2.14, 6;
    %dup/vec4;
    %pushi/vec4 7, 0, 3;
    %cmp/u;
    %jmp/1 T_2.15, 6;
    %dup/vec4;
    %pushi/vec4 1, 0, 3;
    %cmp/u;
    %jmp/1 T_2.16, 6;
    %dup/vec4;
    %pushi/vec4 5, 0, 3;
    %cmp/u;
    %jmp/1 T_2.17, 6;
    %dup/vec4;
    %pushi/vec4 2, 0, 3;
    %cmp/u;
    %jmp/1 T_2.18, 6;
    %dup/vec4;
    %pushi/vec4 3, 0, 3;
    %cmp/u;
    %jmp/1 T_2.19, 6;
    %pushi/vec4 0, 0, 4;
    %store/vec4 v0x55bd6b859840_0, 0, 4;
    %jmp T_2.21;
T_2.12 ;
    %pushi/vec4 0, 0, 4;
    %store/vec4 v0x55bd6b859840_0, 0, 4;
    %jmp T_2.21;
T_2.13 ;
    %pushi/vec4 5, 0, 4;
    %store/vec4 v0x55bd6b859840_0, 0, 4;
    %jmp T_2.21;
T_2.14 ;
    %pushi/vec4 4, 0, 4;
    %store/vec4 v0x55bd6b859840_0, 0, 4;
    %jmp T_2.21;
T_2.15 ;
    %pushi/vec4 2, 0, 4;
    %store/vec4 v0x55bd6b859840_0, 0, 4;
    %jmp T_2.21;
T_2.16 ;
    %pushi/vec4 8, 0, 4;
    %store/vec4 v0x55bd6b859840_0, 0, 4;
    %jmp T_2.21;
T_2.17 ;
    %pushi/vec4 9, 0, 4;
    %store/vec4 v0x55bd6b859840_0, 0, 4;
    %jmp T_2.21;
T_2.18 ;
    %pushi/vec4 3, 0, 4;
    %store/vec4 v0x55bd6b859840_0, 0, 4;
    %jmp T_2.21;
T_2.19 ;
    %pushi/vec4 7, 0, 4;
    %store/vec4 v0x55bd6b859840_0, 0, 4;
    %jmp T_2.21;
T_2.21 ;
    %pop/vec4 1;
    %jmp T_2.11;
T_2.1 ;
    %pushi/vec4 1, 0, 1;
    %store/vec4 v0x55bd6b879d60_0, 0, 1;
    %pushi/vec4 1, 0, 2;
    %store/vec4 v0x55bd6b857740_0, 0, 2;
    %pushi/vec4 1, 0, 1;
    %store/vec4 v0x55bd6b879be0_0, 0, 1;
    %pushi/vec4 0, 0, 1;
    %store/vec4 v0x55bd6b879ca0_0, 0, 1;
    %pushi/vec4 1, 0, 2;
    %store/vec4 v0x55bd6b879e20_0, 0, 2;
    %pushi/vec4 0, 0, 1;
    %store/vec4 v0x55bd6b85b570_0, 0, 1;
    %pushi/vec4 0, 0, 1;
    %store/vec4 v0x55bd6b812040_0, 0, 1;
    %pushi/vec4 0, 0, 1;
    %store/vec4 v0x55bd6b854430_0, 0, 1;
    %pushi/vec4 0, 0, 4;
    %store/vec4 v0x55bd6b859840_0, 0, 4;
    %jmp T_2.11;
T_2.2 ;
    %pushi/vec4 0, 0, 1;
    %store/vec4 v0x55bd6b879d60_0, 0, 1;
    %pushi/vec4 1, 0, 2;
    %store/vec4 v0x55bd6b857740_0, 0, 2;
    %pushi/vec4 0, 0, 1;
    %store/vec4 v0x55bd6b879be0_0, 0, 1;
    %pushi/vec4 1, 0, 1;
    %store/vec4 v0x55bd6b879ca0_0, 0, 1;
    %pushi/vec4 0, 0, 2;
    %store/vec4 v0x55bd6b879e20_0, 0, 2;
    %pushi/vec4 0, 0, 1;
    %store/vec4 v0x55bd6b85b570_0, 0, 1;
    %pushi/vec4 0, 0, 1;
    %store/vec4 v0x55bd6b812040_0, 0, 1;
    %pushi/vec4 0, 0, 1;
    %store/vec4 v0x55bd6b854430_0, 0, 1;
    %pushi/vec4 0, 0, 4;
    %store/vec4 v0x55bd6b859840_0, 0, 4;
    %jmp T_2.11;
T_2.3 ;
    %pushi/vec4 0, 0, 1;
    %store/vec4 v0x55bd6b879d60_0, 0, 1;
    %pushi/vec4 0, 0, 2;
    %store/vec4 v0x55bd6b857740_0, 0, 2;
    %pushi/vec4 0, 0, 1;
    %store/vec4 v0x55bd6b879be0_0, 0, 1;
    %pushi/vec4 0, 0, 1;
    %store/vec4 v0x55bd6b879ca0_0, 0, 1;
    %pushi/vec4 0, 0, 2;
    %store/vec4 v0x55bd6b879e20_0, 0, 2;
    %pushi/vec4 1, 0, 1;
    %store/vec4 v0x55bd6b85b570_0, 0, 1;
    %pushi/vec4 0, 0, 1;
    %store/vec4 v0x55bd6b812040_0, 0, 1;
    %pushi/vec4 0, 0, 1;
    %store/vec4 v0x55bd6b854430_0, 0, 1;
    %pushi/vec4 1, 0, 4;
    %store/vec4 v0x55bd6b859840_0, 0, 4;
    %jmp T_2.11;
T_2.4 ;
    %pushi/vec4 1, 0, 1;
    %store/vec4 v0x55bd6b879d60_0, 0, 1;
    %pushi/vec4 1, 0, 2;
    %store/vec4 v0x55bd6b857740_0, 0, 2;
    %pushi/vec4 0, 0, 1;
    %store/vec4 v0x55bd6b879be0_0, 0, 1;
    %pushi/vec4 0, 0, 1;
    %store/vec4 v0x55bd6b879ca0_0, 0, 1;
    %pushi/vec4 2, 0, 2;
    %store/vec4 v0x55bd6b879e20_0, 0, 2;
    %pushi/vec4 0, 0, 1;
    %store/vec4 v0x55bd6b85b570_0, 0, 1;
    %pushi/vec4 1, 0, 1;
    %store/vec4 v0x55bd6b812040_0, 0, 1;
    %pushi/vec4 0, 0, 1;
    %store/vec4 v0x55bd6b854430_0, 0, 1;
    %pushi/vec4 0, 0, 4;
    %store/vec4 v0x55bd6b859840_0, 0, 4;
    %jmp T_2.11;
T_2.5 ;
    %pushi/vec4 1, 0, 1;
    %store/vec4 v0x55bd6b879d60_0, 0, 1;
    %pushi/vec4 1, 0, 2;
    %store/vec4 v0x55bd6b857740_0, 0, 2;
    %pushi/vec4 0, 0, 1;
    %store/vec4 v0x55bd6b879be0_0, 0, 1;
    %pushi/vec4 0, 0, 1;
    %store/vec4 v0x55bd6b879ca0_0, 0, 1;
    %pushi/vec4 2, 0, 2;
    %store/vec4 v0x55bd6b879e20_0, 0, 2;
    %pushi/vec4 0, 0, 1;
    %store/vec4 v0x55bd6b85b570_0, 0, 1;
    %pushi/vec4 1, 0, 1;
    %store/vec4 v0x55bd6b812040_0, 0, 1;
    %pushi/vec4 0, 0, 1;
    %store/vec4 v0x55bd6b854430_0, 0, 1;
    %pushi/vec4 0, 0, 4;
    %store/vec4 v0x55bd6b859840_0, 0, 4;
    %jmp T_2.11;
T_2.6 ;
    %pushi/vec4 1, 0, 1;
    %store/vec4 v0x55bd6b879d60_0, 0, 1;
    %pushi/vec4 1, 0, 2;
    %store/vec4 v0x55bd6b857740_0, 0, 2;
    %pushi/vec4 0, 0, 1;
    %store/vec4 v0x55bd6b879be0_0, 0, 1;
    %pushi/vec4 0, 0, 1;
    %store/vec4 v0x55bd6b879ca0_0, 0, 1;
    %pushi/vec4 0, 0, 2;
    %store/vec4 v0x55bd6b879e20_0, 0, 2;
    %pushi/vec4 0, 0, 1;
    %store/vec4 v0x55bd6b85b570_0, 0, 1;
    %pushi/vec4 0, 0, 1;
    %store/vec4 v0x55bd6b812040_0, 0, 1;
    %pushi/vec4 0, 0, 1;
    %store/vec4 v0x55bd6b854430_0, 0, 1;
    %pushi/vec4 0, 0, 4;
    %store/vec4 v0x55bd6b859840_0, 0, 4;
    %jmp T_2.11;
T_2.7 ;
    %pushi/vec4 1, 0, 1;
    %store/vec4 v0x55bd6b879d60_0, 0, 1;
    %pushi/vec4 2, 0, 2;
    %store/vec4 v0x55bd6b857740_0, 0, 2;
    %pushi/vec4 0, 0, 1;
    %store/vec4 v0x55bd6b879be0_0, 0, 1;
    %pushi/vec4 0, 0, 1;
    %store/vec4 v0x55bd6b879ca0_0, 0, 1;
    %pushi/vec4 0, 0, 2;
    %store/vec4 v0x55bd6b879e20_0, 0, 2;
    %pushi/vec4 0, 0, 1;
    %store/vec4 v0x55bd6b85b570_0, 0, 1;
    %pushi/vec4 0, 0, 1;
    %store/vec4 v0x55bd6b812040_0, 0, 1;
    %pushi/vec4 0, 0, 1;
    %store/vec4 v0x55bd6b854430_0, 0, 1;
    %pushi/vec4 0, 0, 4;
    %store/vec4 v0x55bd6b859840_0, 0, 4;
    %jmp T_2.11;
T_2.8 ;
    %pushi/vec4 1, 0, 1;
    %store/vec4 v0x55bd6b879d60_0, 0, 1;
    %pushi/vec4 0, 0, 2;
    %store/vec4 v0x55bd6b857740_0, 0, 2;
    %pushi/vec4 0, 0, 1;
    %store/vec4 v0x55bd6b879be0_0, 0, 1;
    %pushi/vec4 0, 0, 1;
    %store/vec4 v0x55bd6b879ca0_0, 0, 1;
    %pushi/vec4 0, 0, 2;
    %store/vec4 v0x55bd6b879e20_0, 0, 2;
    %pushi/vec4 0, 0, 1;
    %store/vec4 v0x55bd6b85b570_0, 0, 1;
    %pushi/vec4 0, 0, 1;
    %store/vec4 v0x55bd6b812040_0, 0, 1;
    %pushi/vec4 0, 0, 1;
    %store/vec4 v0x55bd6b854430_0, 0, 1;
    %load/vec4 v0x55bd6b879f00_0;
    %parti/s 3, 12, 5;
    %load/vec4 v0x55bd6b879f00_0;
    %parti/s 7, 25, 6;
    %concat/vec4; draw_concat_vec4
    %dup/vec4;
    %pushi/vec4 0, 0, 10;
    %cmp/u;
    %jmp/1 T_2.22, 6;
    %dup/vec4;
    %pushi/vec4 32, 0, 10;
    %cmp/u;
    %jmp/1 T_2.23, 6;
    %dup/vec4;
    %pushi/vec4 512, 0, 10;
    %cmp/u;
    %jmp/1 T_2.24, 6;
    %dup/vec4;
    %pushi/vec4 768, 0, 10;
    %cmp/u;
    %jmp/1 T_2.25, 6;
    %dup/vec4;
    %pushi/vec4 896, 0, 10;
    %cmp/u;
    %jmp/1 T_2.26, 6;
    %dup/vec4;
    %pushi/vec4 128, 0, 10;
    %cmp/u;
    %jmp/1 T_2.27, 6;
    %dup/vec4;
    %pushi/vec4 640, 0, 10;
    %cmp/u;
    %jmp/1 T_2.28, 6;
    %dup/vec4;
    %pushi/vec4 256, 0, 10;
    %cmp/u;
    %jmp/1 T_2.29, 6;
    %dup/vec4;
    %pushi/vec4 384, 0, 10;
    %cmp/u;
    %jmp/1 T_2.30, 6;
    %pushi/vec4 0, 0, 4;
    %store/vec4 v0x55bd6b859840_0, 0, 4;
    %jmp T_2.32;
T_2.22 ;
    %pushi/vec4 0, 0, 4;
    %store/vec4 v0x55bd6b859840_0, 0, 4;
    %jmp T_2.32;
T_2.23 ;
    %pushi/vec4 1, 0, 4;
    %store/vec4 v0x55bd6b859840_0, 0, 4;
    %jmp T_2.32;
T_2.24 ;
    %pushi/vec4 5, 0, 4;
    %store/vec4 v0x55bd6b859840_0, 0, 4;
    %jmp T_2.32;
T_2.25 ;
    %pushi/vec4 4, 0, 4;
    %store/vec4 v0x55bd6b859840_0, 0, 4;
    %jmp T_2.32;
T_2.26 ;
    %pushi/vec4 2, 0, 4;
    %store/vec4 v0x55bd6b859840_0, 0, 4;
    %jmp T_2.32;
T_2.27 ;
    %pushi/vec4 8, 0, 4;
    %store/vec4 v0x55bd6b859840_0, 0, 4;
    %jmp T_2.32;
T_2.28 ;
    %pushi/vec4 9, 0, 4;
    %store/vec4 v0x55bd6b859840_0, 0, 4;
    %jmp T_2.32;
T_2.29 ;
    %pushi/vec4 3, 0, 4;
    %store/vec4 v0x55bd6b859840_0, 0, 4;
    %jmp T_2.32;
T_2.30 ;
    %pushi/vec4 7, 0, 4;
    %store/vec4 v0x55bd6b859840_0, 0, 4;
    %jmp T_2.32;
T_2.32 ;
    %pop/vec4 1;
    %jmp T_2.11;
T_2.9 ;
    %pushi/vec4 0, 0, 1;
    %store/vec4 v0x55bd6b879d60_0, 0, 1;
    %pushi/vec4 0, 0, 2;
    %store/vec4 v0x55bd6b857740_0, 0, 2;
    %pushi/vec4 0, 0, 1;
    %store/vec4 v0x55bd6b879be0_0, 0, 1;
    %pushi/vec4 0, 0, 1;
    %store/vec4 v0x55bd6b879ca0_0, 0, 1;
    %pushi/vec4 0, 0, 2;
    %store/vec4 v0x55bd6b879e20_0, 0, 2;
    %pushi/vec4 0, 0, 1;
    %store/vec4 v0x55bd6b85b570_0, 0, 1;
    %pushi/vec4 0, 0, 1;
    %store/vec4 v0x55bd6b812040_0, 0, 1;
    %pushi/vec4 1, 0, 1;
    %store/vec4 v0x55bd6b854430_0, 0, 1;
    %pushi/vec4 0, 0, 4;
    %store/vec4 v0x55bd6b859840_0, 0, 4;
    %jmp T_2.11;
T_2.11 ;
    %pop/vec4 1;
    %jmp T_2;
    .thread T_2, $push;
    .scope S_0x55bd6b87be20;
T_3 ;
    %wait E_0x55bd6b8212b0;
    %load/vec4 v0x55bd6b87da20_0;
    %pad/u 32;
    %cmpi/e 1, 0, 32;
    %flag_get/vec4 4;
    %jmp/0 T_3.2, 4;
    %load/vec4 v0x55bd6b87d7a0_0;
    %pad/u 32;
    %pushi/vec4 0, 0, 32;
    %cmp/ne;
    %flag_get/vec4 4;
    %and;
T_3.2;
    %flag_set/vec4 8;
    %jmp/0xz  T_3.0, 8;
    %load/vec4 v0x55bd6b87d940_0;
    %load/vec4 v0x55bd6b87d7a0_0;
    %pad/u 7;
    %subi 1, 0, 7;
    %ix/vec4 3;
    %ix/load 4, 0, 0; Constant delay
    %assign/vec4/a/d v0x55bd6b87d880, 0, 4;
T_3.0 ;
    %jmp T_3;
    .thread T_3;
    .scope S_0x55bd6b814660;
T_4 ;
    %pushi/vec4 0, 0, 1;
    %store/vec4 v0x55bd6b87f530_0, 0, 1;
T_4.0 ;
    %delay 5000, 0;
    %load/vec4 v0x55bd6b87f530_0;
    %inv;
    %store/vec4 v0x55bd6b87f530_0, 0, 1;
    %jmp T_4.0;
T_4.1 ;
    %end;
    .thread T_4;
    .scope S_0x55bd6b814660;
T_5 ;
    %pushi/vec4 5243027, 0, 32;
    %ix/load 4, 0, 0;
    %flag_set/imm 4, 0;
    %store/vec4a v0x55bd6b87acb0, 4, 0;
    %pushi/vec4 4291821843, 0, 32;
    %ix/load 4, 1, 0;
    %flag_set/imm 4, 0;
    %store/vec4a v0x55bd6b87acb0, 4, 0;
    %pushi/vec4 2130355, 0, 32;
    %ix/load 4, 2, 0;
    %flag_set/imm 4, 0;
    %store/vec4a v0x55bd6b87acb0, 4, 0;
    %pushi/vec4 10, 0, 32;
    %ix/load 4, 0, 0;
    %flag_set/imm 4, 0;
    %store/vec4a v0x55bd6b87d880, 4, 0;
    %pushi/vec4 20, 0, 32;
    %ix/load 4, 1, 0;
    %flag_set/imm 4, 0;
    %store/vec4a v0x55bd6b87d880, 4, 0;
    %pushi/vec4 1, 0, 1;
    %store/vec4 v0x55bd6b87fa70_0, 0, 1;
    %wait E_0x55bd6b8212b0;
    %delay 1000, 0;
    %load/vec4 v0x55bd6b87f7e0_0;
    %cmpi/ne 0, 0, 32;
    %jmp/0xz  T_5.0, 6;
    %vpi_call 2 62 "$error", "RESET/PC FAIL: expected PC 0, got %h", v0x55bd6b87f7e0_0 {0 0 0};
T_5.0 ;
    %load/vec4 v0x55bd6b87f720_0;
    %cmpi/ne 5243027, 0, 32;
    %jmp/0xz  T_5.2, 6;
    %vpi_call 2 64 "$error", "FETCH 0 FAIL: got %h", v0x55bd6b87f720_0 {0 0 0};
T_5.2 ;
    %load/vec4 v0x55bd6b87f660_0;
    %cmpi/ne 5, 0, 32;
    %jmp/0xz  T_5.4, 6;
    %vpi_call 2 66 "$error", "ADDI 5 IMMEDIATE FAIL: got %h", v0x55bd6b87f660_0 {0 0 0};
T_5.4 ;
    %load/vec4 v0x55bd6b87f3a0_0;
    %cmpi/ne 1, 0, 1;
    %jmp/1 T_5.9, 6;
    %flag_mov 8, 6;
    %load/vec4 v0x55bd6b87ecb0_0;
    %cmpi/ne 1, 0, 2;
    %flag_or 6, 8;
T_5.9;
    %jmp/1 T_5.8, 6;
    %flag_mov 8, 6;
    %load/vec4 v0x55bd6b87ed90_0;
    %cmpi/ne 0, 0, 4;
    %flag_or 6, 8;
T_5.8;
    %jmp/0xz  T_5.6, 6;
    %vpi_call 2 68 "$error", "ADDI CONTROL FAIL: RegWrite=%b ALUSrc=%b ALUop=%b", v0x55bd6b87f3a0_0, v0x55bd6b87ecb0_0, v0x55bd6b87ed90_0 {0 0 0};
T_5.6 ;
    %pushi/vec4 0, 0, 1;
    %store/vec4 v0x55bd6b87fa70_0, 0, 1;
    %wait E_0x55bd6b8212b0;
    %delay 1000, 0;
    %load/vec4 v0x55bd6b87f7e0_0;
    %cmpi/ne 4, 0, 32;
    %jmp/0xz  T_5.10, 6;
    %vpi_call 2 76 "$error", "PC 4 FAIL: got %h", v0x55bd6b87f7e0_0 {0 0 0};
T_5.10 ;
    %load/vec4 v0x55bd6b87f720_0;
    %cmpi/ne 4291821843, 0, 32;
    %jmp/0xz  T_5.12, 6;
    %vpi_call 2 78 "$error", "FETCH 1 FAIL: got %h", v0x55bd6b87f720_0 {0 0 0};
T_5.12 ;
    %load/vec4 v0x55bd6b87f660_0;
    %cmpi/ne 4294967293, 0, 32;
    %jmp/0xz  T_5.14, 6;
    %vpi_call 2 80 "$error", "ADDI -3 IMMEDIATE FAIL: got %h", v0x55bd6b87f660_0 {0 0 0};
T_5.14 ;
    %wait E_0x55bd6b8212b0;
    %delay 1000, 0;
    %load/vec4 v0x55bd6b87f7e0_0;
    %cmpi/ne 8, 0, 32;
    %jmp/0xz  T_5.16, 6;
    %vpi_call 2 85 "$error", "PC 8 FAIL: got %h", v0x55bd6b87f7e0_0 {0 0 0};
T_5.16 ;
    %load/vec4 v0x55bd6b87f720_0;
    %cmpi/ne 2130355, 0, 32;
    %jmp/0xz  T_5.18, 6;
    %vpi_call 2 87 "$error", "FETCH 2 FAIL: got %h", v0x55bd6b87f720_0 {0 0 0};
T_5.18 ;
    %load/vec4 v0x55bd6b87f910_0;
    %cmpi/ne 10, 0, 32;
    %jmp/1 T_5.22, 6;
    %flag_mov 8, 6;
    %load/vec4 v0x55bd6b87f9d0_0;
    %cmpi/ne 20, 0, 32;
    %flag_or 6, 8;
T_5.22;
    %jmp/0xz  T_5.20, 6;
    %vpi_call 2 89 "$error", "REGISTER READ FAIL: rs1=%h rs2=%h", v0x55bd6b87f910_0, v0x55bd6b87f9d0_0 {0 0 0};
T_5.20 ;
    %load/vec4 v0x55bd6b87f3a0_0;
    %cmpi/ne 1, 0, 1;
    %jmp/1 T_5.26, 6;
    %flag_mov 8, 6;
    %load/vec4 v0x55bd6b87ecb0_0;
    %cmpi/ne 0, 0, 2;
    %flag_or 6, 8;
T_5.26;
    %jmp/1 T_5.25, 6;
    %flag_mov 8, 6;
    %load/vec4 v0x55bd6b87ed90_0;
    %cmpi/ne 0, 0, 4;
    %flag_or 6, 8;
T_5.25;
    %jmp/0xz  T_5.23, 6;
    %vpi_call 2 91 "$error", "ADD CONTROL FAIL: RegWrite=%b ALUSrc=%b ALUop=%b", v0x55bd6b87f3a0_0, v0x55bd6b87ecb0_0, v0x55bd6b87ed90_0 {0 0 0};
T_5.23 ;
    %vpi_call 2 94 "$display", "CPU FETCH/DECODE/IMMEDIATE/REGISTER TESTS COMPLETED" {0 0 0};
    %vpi_call 2 95 "$finish" {0 0 0};
    %end;
    .thread T_5;
# The file index is used to find the file name in the following table.
:file_names 10;
    "N/A";
    "<interactive>";
    "CPU/tb/cpu_tb.v";
    "CPU/rtl/cpu.v";
    "CONTROL_UNIT/rtl/control_unit.v";
    "FETCH/rtl/instruction_fetch.v";
    "INSTRUCTION_MEMORY/rtl/instruction_memory.v";
    "PC/rtl/pc.v";
    "IMMEDIATE_GENERATOR/rtl/immediate_generator.v";
    "REG_FILE/rtl/reg_file.v";
