#! /usr/bin/vvp
:ivl_version "13.0 (stable)" "(v13_0-dirty)";
:ivl_delay_selection "TYPICAL";
:vpi_time_precision - 12;
:vpi_module "/usr/lib/ivl/system.vpi";
:vpi_module "/usr/lib/ivl/vhdl_sys.vpi";
:vpi_module "/usr/lib/ivl/vhdl_textio.vpi";
:vpi_module "/usr/lib/ivl/v2005_math.vpi";
:vpi_module "/usr/lib/ivl/va_math.vpi";
S_0x55864da7e970 .scope module, "instruction_fetch_tb" "instruction_fetch_tb" 2 3;
 .timescale -9 -12;
v0x55864daaab70_0 .var "clk", 0 0;
v0x55864daaac80_0 .net "instruction_out", 31 0, L_0x55864da7bed0;  1 drivers
v0x55864daaad90_0 .net "pc_out", 31 0, v0x55864daaa1c0_0;  1 drivers
v0x55864daaae30_0 .var "reset", 0 0;
S_0x55864da8a680 .scope module, "dut" "instruction_fetch" 2 10, 3 1 0, S_0x55864da7e970;
 .timescale 0 0;
    .port_info 0 /INPUT 1 "clk";
    .port_info 1 /INPUT 1 "reset";
    .port_info 2 /OUTPUT 32 "instruction_out";
    .port_info 3 /OUTPUT 32 "pc_out";
L_0x7f385f31d060 .functor BUFT 1, C4<00000000000000000000000000000100>, C4<0>, C4<0>, C4<0>;
v0x55864daaa670_0 .net/2u *"_ivl_0", 31 0, L_0x7f385f31d060;  1 drivers
v0x55864daaa770_0 .net "clk", 0 0, v0x55864daaab70_0;  1 drivers
v0x55864daaa830_0 .net "instruction_out", 31 0, L_0x55864da7bed0;  alias, 1 drivers
v0x55864daaa8d0_0 .net "next_pc", 31 0, L_0x55864dabb2d0;  1 drivers
v0x55864daaa970_0 .net "pc_out", 31 0, v0x55864daaa1c0_0;  alias, 1 drivers
v0x55864daaaab0_0 .net "reset", 0 0, v0x55864daaae30_0;  1 drivers
L_0x55864dabb2d0 .arith/sum 32, v0x55864daaa1c0_0, L_0x7f385f31d060;
S_0x55864da8a860 .scope module, "imem" "instruction_memory" 3 15, 4 1 0, S_0x55864da8a680;
 .timescale 0 0;
    .port_info 0 /INPUT 32 "address";
    .port_info 1 /OUTPUT 32 "instruction_out";
P_0x55864da8aa40 .param/l "ADDRESS_WIDTH" 0 4 2, +C4<00000000000000000000000000001000>;
L_0x55864da7bed0 .functor BUFZ 32, L_0x55864daaafd0, C4<00000000000000000000000000000000>, C4<00000000000000000000000000000000>, C4<00000000000000000000000000000000>;
v0x55864da7b990_0 .net *"_ivl_0", 31 0, L_0x55864daaafd0;  1 drivers
v0x55864da7bfe0_0 .net *"_ivl_3", 7 0, L_0x55864daab090;  1 drivers
v0x55864da7cb10_0 .net *"_ivl_4", 9 0, L_0x55864daab130;  1 drivers
L_0x7f385f31d018 .functor BUFT 1, C4<00>, C4<0>, C4<0>, C4<0>;
v0x55864da7d690_0 .net *"_ivl_7", 1 0, L_0x7f385f31d018;  1 drivers
v0x55864daa9c90_0 .net "address", 31 0, v0x55864daaa1c0_0;  alias, 1 drivers
v0x55864daa9dc0_0 .net "instruction_out", 31 0, L_0x55864da7bed0;  alias, 1 drivers
v0x55864daa9ea0 .array "mem", 255 0, 31 0;
L_0x55864daaafd0 .array/port v0x55864daa9ea0, L_0x55864daab130;
L_0x55864daab090 .part v0x55864daaa1c0_0, 2, 8;
L_0x55864daab130 .concat [ 8 2 0 0], L_0x55864daab090, L_0x7f385f31d018;
S_0x55864daa9fc0 .scope module, "p_counter" "pc" 3 9, 5 1 0, S_0x55864da8a680;
 .timescale 0 0;
    .port_info 0 /INPUT 1 "clk";
    .port_info 1 /INPUT 1 "reset";
    .port_info 2 /INPUT 32 "pc_in";
    .port_info 3 /OUTPUT 32 "pc_out";
v0x55864daaa1c0_0 .var "PC", 31 0;
v0x55864daaa2c0_0 .net "clk", 0 0, v0x55864daaab70_0;  alias, 1 drivers
v0x55864daaa380_0 .net "pc_in", 31 0, L_0x55864dabb2d0;  alias, 1 drivers
v0x55864daaa440_0 .net "pc_out", 31 0, v0x55864daaa1c0_0;  alias, 1 drivers
v0x55864daaa500_0 .net "reset", 0 0, v0x55864daaae30_0;  alias, 1 drivers
E_0x55864da8f4b0 .event posedge, v0x55864daaa2c0_0;
    .scope S_0x55864daa9fc0;
T_0 ;
    %wait E_0x55864da8f4b0;
    %load/vec4 v0x55864daaa500_0;
    %pad/u 32;
    %cmpi/e 0, 0, 32;
    %jmp/0xz  T_0.0, 4;
    %load/vec4 v0x55864daaa380_0;
    %assign/vec4 v0x55864daaa1c0_0, 0;
    %jmp T_0.1;
T_0.0 ;
    %pushi/vec4 0, 0, 32;
    %assign/vec4 v0x55864daaa1c0_0, 0;
T_0.1 ;
    %jmp T_0;
    .thread T_0;
    .scope S_0x55864da7e970;
T_1 ;
    %pushi/vec4 0, 0, 1;
    %store/vec4 v0x55864daaab70_0, 0, 1;
T_1.0 ;
    %delay 5000, 0;
    %load/vec4 v0x55864daaab70_0;
    %inv;
    %store/vec4 v0x55864daaab70_0, 0, 1;
    %jmp T_1.0;
T_1.1 ;
    %end;
    .thread T_1;
    .scope S_0x55864da7e970;
T_2 ;
    %pushi/vec4 286331153, 0, 32;
    %ix/load 4, 0, 0;
    %flag_set/imm 4, 0;
    %store/vec4a v0x55864daa9ea0, 4, 0;
    %pushi/vec4 572662306, 0, 32;
    %ix/load 4, 1, 0;
    %flag_set/imm 4, 0;
    %store/vec4a v0x55864daa9ea0, 4, 0;
    %pushi/vec4 858993459, 0, 32;
    %ix/load 4, 2, 0;
    %flag_set/imm 4, 0;
    %store/vec4a v0x55864daa9ea0, 4, 0;
    %pushi/vec4 1145324612, 0, 32;
    %ix/load 4, 3, 0;
    %flag_set/imm 4, 0;
    %store/vec4a v0x55864daa9ea0, 4, 0;
    %pushi/vec4 1, 0, 1;
    %store/vec4 v0x55864daaae30_0, 0, 1;
    %wait E_0x55864da8f4b0;
    %delay 1000, 0;
    %load/vec4 v0x55864daaad90_0;
    %cmpi/ne 0, 0, 32;
    %jmp/1 T_2.2, 6;
    %flag_mov 8, 6;
    %load/vec4 v0x55864daaac80_0;
    %cmpi/ne 286331153, 0, 32;
    %flag_or 6, 8;
T_2.2;
    %jmp/0xz  T_2.0, 6;
    %vpi_call 2 33 "$error", "RESET/FETCH FAIL: PC=%h instruction=%h", v0x55864daaad90_0, v0x55864daaac80_0 {0 0 0};
T_2.0 ;
    %pushi/vec4 0, 0, 1;
    %store/vec4 v0x55864daaae30_0, 0, 1;
    %wait E_0x55864da8f4b0;
    %delay 1000, 0;
    %load/vec4 v0x55864daaad90_0;
    %cmpi/ne 4, 0, 32;
    %jmp/1 T_2.5, 6;
    %flag_mov 8, 6;
    %load/vec4 v0x55864daaac80_0;
    %cmpi/ne 572662306, 0, 32;
    %flag_or 6, 8;
T_2.5;
    %jmp/0xz  T_2.3, 6;
    %vpi_call 2 40 "$error", "FETCH 1 FAIL: PC=%h instruction=%h", v0x55864daaad90_0, v0x55864daaac80_0 {0 0 0};
T_2.3 ;
    %wait E_0x55864da8f4b0;
    %delay 1000, 0;
    %load/vec4 v0x55864daaad90_0;
    %cmpi/ne 8, 0, 32;
    %jmp/1 T_2.8, 6;
    %flag_mov 8, 6;
    %load/vec4 v0x55864daaac80_0;
    %cmpi/ne 858993459, 0, 32;
    %flag_or 6, 8;
T_2.8;
    %jmp/0xz  T_2.6, 6;
    %vpi_call 2 45 "$error", "FETCH 2 FAIL: PC=%h instruction=%h", v0x55864daaad90_0, v0x55864daaac80_0 {0 0 0};
T_2.6 ;
    %wait E_0x55864da8f4b0;
    %delay 1000, 0;
    %load/vec4 v0x55864daaad90_0;
    %cmpi/ne 12, 0, 32;
    %jmp/1 T_2.11, 6;
    %flag_mov 8, 6;
    %load/vec4 v0x55864daaac80_0;
    %cmpi/ne 1145324612, 0, 32;
    %flag_or 6, 8;
T_2.11;
    %jmp/0xz  T_2.9, 6;
    %vpi_call 2 50 "$error", "FETCH 3 FAIL: PC=%h instruction=%h", v0x55864daaad90_0, v0x55864daaac80_0 {0 0 0};
T_2.9 ;
    %vpi_call 2 52 "$display", "INSTRUCTION FETCH TESTS COMPLETED" {0 0 0};
    %vpi_call 2 53 "$finish" {0 0 0};
    %end;
    .thread T_2;
# The file index is used to find the file name in the following table.
:file_names 6;
    "N/A";
    "<interactive>";
    "FETCH/tb/instruction_fetch_tb.v";
    "FETCH/rtl/instruction_fetch.v";
    "INSTRUCTION_MEMORY/rtl/instruction_memory.v";
    "PC/rtl/pc.v";
