#! /usr/bin/vvp
:ivl_version "13.0 (stable)" "(v13_0-dirty)";
:ivl_delay_selection "TYPICAL";
:vpi_time_precision - 12;
:vpi_module "/usr/lib/ivl/system.vpi";
:vpi_module "/usr/lib/ivl/vhdl_sys.vpi";
:vpi_module "/usr/lib/ivl/vhdl_textio.vpi";
:vpi_module "/usr/lib/ivl/v2005_math.vpi";
:vpi_module "/usr/lib/ivl/va_math.vpi";
S_0x560c63925ad0 .scope module, "pc_tb" "pc_tb" 2 3;
 .timescale -9 -12;
v0x560c63914b50_0 .var "clk", 0 0;
v0x560c63914e80_0 .net "pc_out", 31 0, L_0x560c63912780;  1 drivers
v0x560c63915b90_0 .var "pc_write_data", 31 0;
v0x560c63915ec0_0 .var "reset", 0 0;
S_0x560c63917190 .scope module, "dut" "pc" 2 11, 3 1 0, S_0x560c63925ad0;
 .timescale 0 0;
    .port_info 0 /INPUT 1 "clk";
    .port_info 1 /INPUT 1 "reset";
    .port_info 2 /INPUT 32 "pc_in";
    .port_info 3 /OUTPUT 32 "pc_out";
L_0x560c63912780 .functor BUFZ 32, v0x560c63912890_0, C4<00000000000000000000000000000000>, C4<00000000000000000000000000000000>, C4<00000000000000000000000000000000>;
v0x560c63912890_0 .var "PC", 31 0;
v0x560c63912fc0_0 .net "clk", 0 0, v0x560c63914b50_0;  1 drivers
v0x560c63913420_0 .net "pc_in", 31 0, v0x560c63915b90_0;  1 drivers
v0x560c63913ac0_0 .net "pc_out", 31 0, L_0x560c63912780;  alias, 1 drivers
v0x560c63913e20_0 .net "reset", 0 0, v0x560c63915ec0_0;  1 drivers
E_0x560c63926030 .event posedge, v0x560c63912fc0_0;
    .scope S_0x560c63917190;
T_0 ;
    %wait E_0x560c63926030;
    %load/vec4 v0x560c63913e20_0;
    %pad/u 32;
    %cmpi/e 0, 0, 32;
    %jmp/0xz  T_0.0, 4;
    %load/vec4 v0x560c63913420_0;
    %assign/vec4 v0x560c63912890_0, 0;
    %jmp T_0.1;
T_0.0 ;
    %pushi/vec4 0, 0, 32;
    %assign/vec4 v0x560c63912890_0, 0;
T_0.1 ;
    %jmp T_0;
    .thread T_0;
    .scope S_0x560c63925ad0;
T_1 ;
    %pushi/vec4 0, 0, 1;
    %store/vec4 v0x560c63914b50_0, 0, 1;
T_1.0 ;
    %delay 5000, 0;
    %load/vec4 v0x560c63914b50_0;
    %inv;
    %store/vec4 v0x560c63914b50_0, 0, 1;
    %jmp T_1.0;
T_1.1 ;
    %end;
    .thread T_1;
    .scope S_0x560c63925ad0;
T_2 ;
    %pushi/vec4 0, 0, 1;
    %store/vec4 v0x560c63914b50_0, 0, 1;
    %pushi/vec4 1, 0, 1;
    %store/vec4 v0x560c63915ec0_0, 0, 1;
    %pushi/vec4 178917888, 0, 32;
    %store/vec4 v0x560c63915b90_0, 0, 32;
    %wait E_0x560c63926030;
    %delay 1000, 0;
    %load/vec4 v0x560c63914e80_0;
    %cmpi/ne 0, 0, 32;
    %jmp/0xz  T_2.0, 6;
    %vpi_call 2 32 "$error", "RESET FAIL!" {0 0 0};
T_2.0 ;
    %wait E_0x560c63926030;
    %delay 1000, 0;
    %pushi/vec4 0, 0, 1;
    %store/vec4 v0x560c63915ec0_0, 0, 1;
    %delay 1000, 0;
    %wait E_0x560c63926030;
    %delay 1000, 0;
    %load/vec4 v0x560c63914e80_0;
    %cmpi/ne 178917888, 0, 32;
    %jmp/0xz  T_2.2, 6;
    %vpi_call 2 39 "$error", "WRITE FAIL!" {0 0 0};
T_2.2 ;
    %delay 1000, 0;
    %wait E_0x560c63926030;
    %delay 1000, 0;
    %pushi/vec4 0, 0, 32;
    %store/vec4 v0x560c63915b90_0, 0, 32;
    %wait E_0x560c63926030;
    %delay 1000, 0;
    %load/vec4 v0x560c63914e80_0;
    %cmpi/ne 0, 0, 32;
    %jmp/0xz  T_2.4, 4;
    %vpi_call 2 46 "$error", "Write error for first value" {0 0 0};
T_2.4 ;
    %delay 1000, 0;
    %wait E_0x560c63926030;
    %delay 1000, 0;
    %pushi/vec4 4, 0, 32;
    %store/vec4 v0x560c63915b90_0, 0, 32;
    %wait E_0x560c63926030;
    %delay 1000, 0;
    %load/vec4 v0x560c63914e80_0;
    %cmpi/ne 4, 0, 32;
    %jmp/0xz  T_2.6, 4;
    %vpi_call 2 53 "$error", "Write error for second value" {0 0 0};
T_2.6 ;
    %delay 1000, 0;
    %wait E_0x560c63926030;
    %delay 1000, 0;
    %pushi/vec4 8, 0, 32;
    %store/vec4 v0x560c63915b90_0, 0, 32;
    %wait E_0x560c63926030;
    %delay 1000, 0;
    %load/vec4 v0x560c63914e80_0;
    %cmpi/ne 8, 0, 32;
    %jmp/0xz  T_2.8, 4;
    %vpi_call 2 60 "$error", "Write error for third value" {0 0 0};
T_2.8 ;
    %delay 1000, 0;
    %vpi_call 2 62 "$display", "Tests Completed." {0 0 0};
    %vpi_call 2 63 "$finish" {0 0 0};
    %end;
    .thread T_2;
# The file index is used to find the file name in the following table.
:file_names 4;
    "N/A";
    "<interactive>";
    "tb/pc_tb.v";
    "rtl/pc.v";
