#! /usr/bin/vvp
:ivl_version "13.0 (stable)" "(v13_0-dirty)";
:ivl_delay_selection "TYPICAL";
:vpi_time_precision - 12;
:vpi_module "/usr/lib/ivl/system.vpi";
:vpi_module "/usr/lib/ivl/vhdl_sys.vpi";
:vpi_module "/usr/lib/ivl/vhdl_textio.vpi";
:vpi_module "/usr/lib/ivl/v2005_math.vpi";
:vpi_module "/usr/lib/ivl/va_math.vpi";
S_0x55ab8dcfa1a0 .scope module, "instruction_memory_tb" "instruction_memory_tb" 2 3;
 .timescale -9 -12;
v0x55ab8dd0fac0_0 .var "address", 31 0;
v0x55ab8dd0fb80_0 .net "instruction_out", 31 0, L_0x55ab8dd0ffd0;  1 drivers
S_0x55ab8dcfa330 .scope module, "dut" "instruction_memory" 2 10, 3 1 0, S_0x55ab8dcfa1a0;
 .timescale 0 0;
    .port_info 0 /INPUT 32 "address";
    .port_info 1 /OUTPUT 32 "instruction_out";
P_0x55ab8dcfa510 .param/l "ADDRESS_WIDTH" 0 3 2, +C4<00000000000000000000000000001000>;
L_0x55ab8dd0ffd0 .functor BUFZ 32, L_0x55ab8dd0fc20, C4<00000000000000000000000000000000>, C4<00000000000000000000000000000000>, C4<00000000000000000000000000000000>;
v0x55ab8dcea670_0 .net *"_ivl_0", 31 0, L_0x55ab8dd0fc20;  1 drivers
v0x55ab8dd0f510_0 .net *"_ivl_3", 7 0, L_0x55ab8dd0fd20;  1 drivers
v0x55ab8dd0f5f0_0 .net *"_ivl_4", 9 0, L_0x55ab8dd0fe40;  1 drivers
L_0x7fa1391b7018 .functor BUFT 1, C4<00>, C4<0>, C4<0>, C4<0>;
v0x55ab8dd0f6b0_0 .net *"_ivl_7", 1 0, L_0x7fa1391b7018;  1 drivers
v0x55ab8dd0f790_0 .net "address", 31 0, v0x55ab8dd0fac0_0;  1 drivers
v0x55ab8dd0f8c0_0 .net "instruction_out", 31 0, L_0x55ab8dd0ffd0;  alias, 1 drivers
v0x55ab8dd0f9a0 .array "mem", 255 0, 31 0;
L_0x55ab8dd0fc20 .array/port v0x55ab8dd0f9a0, L_0x55ab8dd0fe40;
L_0x55ab8dd0fd20 .part v0x55ab8dd0fac0_0, 2, 8;
L_0x55ab8dd0fe40 .concat [ 8 2 0 0], L_0x55ab8dd0fd20, L_0x7fa1391b7018;
    .scope S_0x55ab8dcfa1a0;
T_0 ;
    %pushi/vec4 305419896, 0, 32;
    %ix/load 4, 0, 0;
    %flag_set/imm 4, 0;
    %store/vec4a v0x55ab8dd0f9a0, 4, 0;
    %pushi/vec4 3735928559, 0, 32;
    %ix/load 4, 1, 0;
    %flag_set/imm 4, 0;
    %store/vec4a v0x55ab8dd0f9a0, 4, 0;
    %pushi/vec4 3405691582, 0, 32;
    %ix/load 4, 2, 0;
    %flag_set/imm 4, 0;
    %store/vec4a v0x55ab8dd0f9a0, 4, 0;
    %delay 1000, 0;
    %pushi/vec4 0, 0, 32;
    %store/vec4 v0x55ab8dd0fac0_0, 0, 32;
    %delay 1000, 0;
    %load/vec4 v0x55ab8dd0fb80_0;
    %cmpi/ne 305419896, 0, 32;
    %jmp/0xz  T_0.0, 6;
    %vpi_call 2 23 "$error", "Read failed! Expected h1234_5678, Got 0x%h", v0x55ab8dd0fb80_0 {0 0 0};
T_0.0 ;
    %delay 1000, 0;
    %pushi/vec4 4, 0, 32;
    %store/vec4 v0x55ab8dd0fac0_0, 0, 32;
    %delay 1000, 0;
    %load/vec4 v0x55ab8dd0fb80_0;
    %cmpi/ne 3735928559, 0, 32;
    %jmp/0xz  T_0.2, 6;
    %vpi_call 2 28 "$error", "Read failed! Expected  hDEAD_BEEF, Got 0x%h", v0x55ab8dd0fb80_0 {0 0 0};
T_0.2 ;
    %delay 1000, 0;
    %pushi/vec4 8, 0, 32;
    %store/vec4 v0x55ab8dd0fac0_0, 0, 32;
    %delay 1000, 0;
    %load/vec4 v0x55ab8dd0fb80_0;
    %cmpi/ne 3405691582, 0, 32;
    %jmp/0xz  T_0.4, 6;
    %vpi_call 2 33 "$error", "Read failed! Expected hCAFE_BABE, Got 0x%h", v0x55ab8dd0fb80_0 {0 0 0};
T_0.4 ;
    %vpi_call 2 34 "$display", "ALL TESTS COMPLETED" {0 0 0};
    %vpi_call 2 35 "$finish" {0 0 0};
    %end;
    .thread T_0;
# The file index is used to find the file name in the following table.
:file_names 4;
    "N/A";
    "<interactive>";
    "tb/instruction_memory_tb.v";
    "rtl/instruction_memory.v";
