#! /usr/bin/vvp
:ivl_version "13.0 (stable)" "(v13_0-dirty)";
:ivl_delay_selection "TYPICAL";
:vpi_time_precision - 12;
:vpi_module "/usr/lib/ivl/system.vpi";
:vpi_module "/usr/lib/ivl/vhdl_sys.vpi";
:vpi_module "/usr/lib/ivl/vhdl_textio.vpi";
:vpi_module "/usr/lib/ivl/v2005_math.vpi";
:vpi_module "/usr/lib/ivl/va_math.vpi";
S_0x563e7b594a10 .scope module, "memory_tb" "memory_tb" 2 3;
 .timescale -9 -12;
v0x563e7b5acc40_0 .var "address", 31 0;
v0x563e7b5acd20_0 .var "clk", 0 0;
v0x563e7b5acdc0_0 .var "mem_read", 0 0;
v0x563e7b5acec0_0 .var "mem_write", 0 0;
v0x563e7b5acf90_0 .net "read_data", 31 0, L_0x563e7b582be0;  1 drivers
v0x563e7b5ad030_0 .var "write_data", 31 0;
S_0x563e7b594ba0 .scope module, "dut" "memory" 2 17, 3 1 0, S_0x563e7b594a10;
 .timescale 0 0;
    .port_info 0 /INPUT 1 "clk";
    .port_info 1 /INPUT 32 "address";
    .port_info 2 /INPUT 32 "write_data";
    .port_info 3 /INPUT 1 "mem_write";
    .port_info 4 /INPUT 1 "mem_read";
    .port_info 5 /OUTPUT 32 "read_data";
P_0x563e7b594d80 .param/l "ADDRESS_WIDTH" 0 3 2, +C4<00000000000000000000000000001000>;
L_0x563e7b582be0 .functor BUFZ 32, L_0x563e7b5ad100, C4<00000000000000000000000000000000>, C4<00000000000000000000000000000000>, C4<00000000000000000000000000000000>;
v0x563e7b582cf0_0 .net *"_ivl_0", 31 0, L_0x563e7b5ad100;  1 drivers
v0x563e7b5ac310_0 .net *"_ivl_3", 7 0, L_0x563e7b5ad200;  1 drivers
v0x563e7b5ac3f0_0 .net *"_ivl_4", 9 0, L_0x563e7b5ad320;  1 drivers
L_0x7f610cf25018 .functor BUFT 1, C4<00>, C4<0>, C4<0>, C4<0>;
v0x563e7b5ac4b0_0 .net *"_ivl_7", 1 0, L_0x7f610cf25018;  1 drivers
v0x563e7b5ac590_0 .net "address", 31 0, v0x563e7b5acc40_0;  1 drivers
v0x563e7b5ac6c0_0 .net "clk", 0 0, v0x563e7b5acd20_0;  1 drivers
v0x563e7b5ac780 .array "mem", 255 0, 31 0;
v0x563e7b5ac840_0 .net "mem_read", 0 0, v0x563e7b5acdc0_0;  1 drivers
v0x563e7b5ac900_0 .net "mem_write", 0 0, v0x563e7b5acec0_0;  1 drivers
v0x563e7b5ac9c0_0 .net "read_data", 31 0, L_0x563e7b582be0;  alias, 1 drivers
v0x563e7b5acaa0_0 .net "write_data", 31 0, v0x563e7b5ad030_0;  1 drivers
E_0x563e7b592be0 .event posedge, v0x563e7b5ac6c0_0;
L_0x563e7b5ad100 .array/port v0x563e7b5ac780, L_0x563e7b5ad320;
L_0x563e7b5ad200 .part v0x563e7b5acc40_0, 2, 8;
L_0x563e7b5ad320 .concat [ 8 2 0 0], L_0x563e7b5ad200, L_0x7f610cf25018;
    .scope S_0x563e7b594ba0;
T_0 ;
    %wait E_0x563e7b592be0;
    %load/vec4 v0x563e7b5ac900_0;
    %flag_set/vec4 8;
    %jmp/0xz  T_0.0, 8;
    %load/vec4 v0x563e7b5acaa0_0;
    %load/vec4 v0x563e7b5ac590_0;
    %parti/s 8, 2, 3;
    %pad/u 10;
    %ix/vec4 3;
    %ix/load 4, 0, 0; Constant delay
    %assign/vec4/a/d v0x563e7b5ac780, 0, 4;
T_0.0 ;
    %jmp T_0;
    .thread T_0;
    .scope S_0x563e7b594a10;
T_1 ;
    %pushi/vec4 0, 0, 1;
    %store/vec4 v0x563e7b5acd20_0, 0, 1;
T_1.0 ;
    %delay 5000, 0;
    %load/vec4 v0x563e7b5acd20_0;
    %inv;
    %store/vec4 v0x563e7b5acd20_0, 0, 1;
    %jmp T_1.0;
T_1.1 ;
    %end;
    .thread T_1;
    .scope S_0x563e7b594a10;
T_2 ;
    %pushi/vec4 0, 0, 1;
    %store/vec4 v0x563e7b5acec0_0, 0, 1;
    %pushi/vec4 0, 0, 1;
    %store/vec4 v0x563e7b5acdc0_0, 0, 1;
    %pushi/vec4 0, 0, 32;
    %store/vec4 v0x563e7b5acc40_0, 0, 32;
    %pushi/vec4 0, 0, 32;
    %store/vec4 v0x563e7b5ad030_0, 0, 32;
    %delay 10000, 0;
    %pushi/vec4 1, 0, 1;
    %store/vec4 v0x563e7b5acec0_0, 0, 1;
    %pushi/vec4 4, 0, 32;
    %store/vec4 v0x563e7b5acc40_0, 0, 32;
    %pushi/vec4 3735928559, 0, 32;
    %store/vec4 v0x563e7b5ad030_0, 0, 32;
    %wait E_0x563e7b592be0;
    %delay 1000, 0;
    %pushi/vec4 0, 0, 1;
    %store/vec4 v0x563e7b5acec0_0, 0, 1;
    %load/vec4 v0x563e7b5acf90_0;
    %cmpi/ne 3735928559, 0, 32;
    %jmp/0xz  T_2.0, 6;
    %vpi_call 2 49 "$error", "Read failed! Expected 0xDEADBEEF, Got 0x%h", v0x563e7b5acf90_0 {0 0 0};
T_2.0 ;
    %pushi/vec4 7, 0, 32;
    %store/vec4 v0x563e7b5acc40_0, 0, 32;
    %delay 1000, 0;
    %load/vec4 v0x563e7b5acf90_0;
    %cmpi/ne 3735928559, 0, 32;
    %jmp/0xz  T_2.2, 6;
    %vpi_call 2 55 "$error", "Alignment test failed! Expected 0xDEADBEEF, Got 0x%h", v0x563e7b5acf90_0 {0 0 0};
T_2.2 ;
    %vpi_call 2 57 "$display", "Tests Completed." {0 0 0};
    %vpi_call 2 58 "$finish" {0 0 0};
    %end;
    .thread T_2;
# The file index is used to find the file name in the following table.
:file_names 4;
    "N/A";
    "<interactive>";
    "tb/memory_tb.v";
    "rtl/memory.v";
